ARM GAS  C:\Users\nicki\AppData\Local\Temp\ccx6IzG0.s 			page 1


   1              		.cpu cortex-m4
   2              		.arch armv7e-m
   3              		.fpu fpv4-sp-d16
   4              		.eabi_attribute 27, 1
   5              		.eabi_attribute 28, 1
   6              		.eabi_attribute 20, 1
   7              		.eabi_attribute 21, 1
   8              		.eabi_attribute 23, 3
   9              		.eabi_attribute 24, 1
  10              		.eabi_attribute 25, 1
  11              		.eabi_attribute 26, 1
  12              		.eabi_attribute 30, 1
  13              		.eabi_attribute 34, 1
  14              		.eabi_attribute 18, 4
  15              		.file	"init.c"
  16              		.text
  17              	.Ltext0:
  18              		.cfi_sections	.debug_frame
  19              		.file 1 "Core/Src/init.c"
  20              		.section	.text.GPIO_Init,"ax",%progbits
  21              		.align	1
  22              		.global	GPIO_Init
  23              		.syntax unified
  24              		.thumb
  25              		.thumb_func
  27              	GPIO_Init:
  28              	.LFB0:
   1:Core/Src/init.c **** #include "C:/LB1_MC/Laboratory_Practice/Laboratory_Practice/Core/Inc/init.h"
   2:Core/Src/init.c **** 
   3:Core/Src/init.c **** int GPIO_Init(void) 
   4:Core/Src/init.c **** {
  29              		.loc 1 4 1 view -0
  30              		.cfi_startproc
  31              		@ args = 0, pretend = 0, frame = 0
  32              		@ frame_needed = 0, uses_anonymous_args = 0
  33              		@ link register save eliminated.
   5:Core/Src/init.c ****     RCC_GPIO_EN |= RCC_GPIOA_EN; // Включение тактирования на GPIOAEN
  34              		.loc 1 5 5 view .LVU1
  35 0000 0A4A     		ldr	r2, .L2
  36 0002 D2F83038 		ldr	r3, [r2, #2096]
  37              		.loc 1 5 17 is_stmt 0 view .LVU2
  38 0006 43F00101 		orr	r1, r3, #1
  39 000a C2F83018 		str	r1, [r2, #2096]
   6:Core/Src/init.c ****     RCC_GPIO_EN |= RCC_GPIOC_EN; // Включение тактирования на GPIOCEN
  40              		.loc 1 6 5 is_stmt 1 view .LVU3
  41              		.loc 1 6 17 is_stmt 0 view .LVU4
  42 000e 43F00503 		orr	r3, r3, #5
  43 0012 C2F83038 		str	r3, [r2, #2096]
   7:Core/Src/init.c ****     GPIOA_MODER |= GPIOA_MODE_PIN5_OUT; // Режим порта
  44              		.loc 1 7 5 is_stmt 1 view .LVU5
  45 0016 064B     		ldr	r3, .L2+4
  46 0018 1A68     		ldr	r2, [r3]
  47              		.loc 1 7 17 is_stmt 0 view .LVU6
  48 001a 42F48062 		orr	r2, r2, #1024
  49 001e 1A60     		str	r2, [r3]
   8:Core/Src/init.c ****     GPIOA_OTYPER |= GPIOA_OTYPE_PIN5_PP; // Настройка режима порта 
  50              		.loc 1 8 5 is_stmt 1 view .LVU7
ARM GAS  C:\Users\nicki\AppData\Local\Temp\ccx6IzG0.s 			page 2


   9:Core/Src/init.c ****     GPIOA_OSPEEDR |= GPIOA_OSPEED_PIN5_MID; // Скорость одного бита
  51              		.loc 1 9 5 view .LVU8
  52 0020 9A68     		ldr	r2, [r3, #8]
  53              		.loc 1 9 19 is_stmt 0 view .LVU9
  54 0022 42F48062 		orr	r2, r2, #1024
  55 0026 9A60     		str	r2, [r3, #8]
  10:Core/Src/init.c ****     GPIOA_PUPDR |= GPIOA_PUPDR_PIN5_NOPUPD; // Настройка подтяжки
  56              		.loc 1 10 5 is_stmt 1 view .LVU10
  11:Core/Src/init.c **** }...
  57              		.loc 1 11 1 is_stmt 0 view .LVU11
  58 0028 7047     		bx	lr
  59              	.L3:
  60 002a 00BF     		.align	2
  61              	.L2:
  62 002c 00300240 		.word	1073885184
  63 0030 00000240 		.word	1073872896
  64              		.cfi_endproc
  65              	.LFE0:
  67              		.text
  68              	.Letext0:
  69              		.file 2 "D:/Tools/xpack-arm-none-eabi-gcc-13.2.1-1.1/arm-none-eabi/include/machine/_default_types.
  70              		.file 3 "D:/Tools/xpack-arm-none-eabi-gcc-13.2.1-1.1/arm-none-eabi/include/sys/_stdint.h"
ARM GAS  C:\Users\nicki\AppData\Local\Temp\ccx6IzG0.s 			page 3


DEFINED SYMBOLS
                            *ABS*:00000000 init.c
C:\Users\nicki\AppData\Local\Temp\ccx6IzG0.s:21     .text.GPIO_Init:00000000 $t
C:\Users\nicki\AppData\Local\Temp\ccx6IzG0.s:27     .text.GPIO_Init:00000000 GPIO_Init
C:\Users\nicki\AppData\Local\Temp\ccx6IzG0.s:62     .text.GPIO_Init:0000002c $d

NO UNDEFINED SYMBOLS
