ARM GAS  C:\Users\nicki\AppData\Local\Temp\ccgh6MMA.s 			page 1


   1              		.cpu cortex-m4
   2              		.arch armv7e-m
   3              		.fpu fpv4-sp-d16
   4              		.eabi_attribute 27, 1
   5              		.eabi_attribute 28, 1
   6              		.eabi_attribute 20, 1
   7              		.eabi_attribute 21, 1
   8              		.eabi_attribute 23, 3
   9              		.eabi_attribute 24, 1
  10              		.eabi_attribute 25, 1
  11              		.eabi_attribute 26, 1
  12              		.eabi_attribute 30, 1
  13              		.eabi_attribute 34, 1
  14              		.eabi_attribute 18, 4
  15              		.file	"init.c"
  16              		.text
  17              	.Ltext0:
  18              		.cfi_sections	.debug_frame
  19              		.file 1 "Core/Src/init.c"
  20              		.section	.text.GPIO_Init,"ax",%progbits
  21              		.align	1
  22              		.global	GPIO_Init
  23              		.syntax unified
  24              		.thumb
  25              		.thumb_func
  27              	GPIO_Init:
  28              	.LFB130:
   1:Core/Src/init.c **** #include <C:/LB1_MC/Laboratory_Practice/Laboratory_Practice/Core/Inc/init.h>
   2:Core/Src/init.c **** 
   3:Core/Src/init.c **** void GPIO_Init(void) 
   4:Core/Src/init.c **** {
  29              		.loc 1 4 1 view -0
  30              		.cfi_startproc
  31              		@ args = 0, pretend = 0, frame = 0
  32              		@ frame_needed = 0, uses_anonymous_args = 0
  33              		@ link register save eliminated.
   5:Core/Src/init.c ****     //Включение тактирования портов GPIOA и GPIOC
   6:Core/Src/init.c ****     SET_BIT(RCC->AHB1ENR, RCC_AHB1ENR_GPIOAEN | RCC_AHB1ENR_GPIOCEN);
  34              		.loc 1 6 5 view .LVU1
  35 0000 0B4A     		ldr	r2, .L2
  36 0002 136B     		ldr	r3, [r2, #48]
  37 0004 43F00503 		orr	r3, r3, #5
  38 0008 1363     		str	r3, [r2, #48]
   7:Core/Src/init.c **** 
   8:Core/Src/init.c ****     // Режим порта 5-го пина GPIOA
   9:Core/Src/init.c ****     SET_BIT(GPIOA->MODER, GPIO_MODER_MODE5_0);
  39              		.loc 1 9 5 view .LVU2
  40 000a 0A4B     		ldr	r3, .L2+4
  41 000c 1A68     		ldr	r2, [r3]
  42 000e 42F48062 		orr	r2, r2, #1024
  43 0012 1A60     		str	r2, [r3]
  10:Core/Src/init.c **** 
  11:Core/Src/init.c ****     // Настройка на Push-Pull 5-го пина GPIOA
  12:Core/Src/init.c ****     CLEAR_BIT(GPIOA->OTYPER, GPIO_OTYPER_OT5);
  44              		.loc 1 12 5 view .LVU3
  45 0014 5A68     		ldr	r2, [r3, #4]
  46 0016 22F02002 		bic	r2, r2, #32
ARM GAS  C:\Users\nicki\AppData\Local\Temp\ccgh6MMA.s 			page 2


  47 001a 5A60     		str	r2, [r3, #4]
  13:Core/Src/init.c **** 
  14:Core/Src/init.c ****     // Настройка скорости работы 5-го пина GPIOA
  15:Core/Src/init.c ****     SET_BIT(GPIOA->OSPEEDR, GPIO_OSPEEDER_OSPEEDR5_0);
  48              		.loc 1 15 5 view .LVU4
  49 001c 9A68     		ldr	r2, [r3, #8]
  50 001e 42F48062 		orr	r2, r2, #1024
  51 0022 9A60     		str	r2, [r3, #8]
  16:Core/Src/init.c **** 
  17:Core/Src/init.c ****     // Настройка подтяжки (отключение)
  18:Core/Src/init.c ****     CLEAR_BIT(GPIOA->PUPDR, GPIO_PUPDR_PUPD5_0);
  52              		.loc 1 18 5 view .LVU5
  53 0024 DA68     		ldr	r2, [r3, #12]
  54 0026 22F48062 		bic	r2, r2, #1024
  55 002a DA60     		str	r2, [r3, #12]
  19:Core/Src/init.c **** }...
  56              		.loc 1 19 1 is_stmt 0 view .LVU6
  57 002c 7047     		bx	lr
  58              	.L3:
  59 002e 00BF     		.align	2
  60              	.L2:
  61 0030 00380240 		.word	1073887232
  62 0034 00000240 		.word	1073872896
  63              		.cfi_endproc
  64              	.LFE130:
  66              		.text
  67              	.Letext0:
  68              		.file 2 "D:/Tools/xpack-arm-none-eabi-gcc-13.2.1-1.1/arm-none-eabi/include/machine/_default_types.
  69              		.file 3 "D:/Tools/xpack-arm-none-eabi-gcc-13.2.1-1.1/arm-none-eabi/include/sys/_stdint.h"
  70              		.file 4 "C:/LB1_MC/Laboratory_Practice/Laboratory_Practice/CMSIS/Devices/STM32F4xx/Inc/STM32F446xx
ARM GAS  C:\Users\nicki\AppData\Local\Temp\ccgh6MMA.s 			page 3


DEFINED SYMBOLS
                            *ABS*:00000000 init.c
C:\Users\nicki\AppData\Local\Temp\ccgh6MMA.s:21     .text.GPIO_Init:00000000 $t
C:\Users\nicki\AppData\Local\Temp\ccgh6MMA.s:27     .text.GPIO_Init:00000000 GPIO_Init
C:\Users\nicki\AppData\Local\Temp\ccgh6MMA.s:61     .text.GPIO_Init:00000030 $d

NO UNDEFINED SYMBOLS
